
================================================================================
CROSSTHREAT DATA PIPELINE - REAL NF-UNSW-NB15-v3
================================================================================
Start time: 2026-09-02 19:05:21.171255

================================================================================
LOADING REAL NF-UNSW-NB15-v3 DATASET
================================================================================
Data directory: C:\CyberShield\crossthreat\data
[OK] NF-UNSW-NB15-v3.csv loaded: 2,365,424 rows
Columns (55): ['FLOW_START_MILLISECONDS', 'FLOW_END_MILLISECONDS', 'IPV4_SRC_ADDR', 'L4_SRC_PORT', 'IPV4_DST_ADDR', 'L4_DST_PORT', 'PROTOCOL', 'L7_PROTO', 'IN_BYTES', 'IN_PKTS', 'OUT_BYTES', 'OUT_PKTS', 'TCP_FLAGS', 'CLIENT_TCP_FLAGS', 'SERVER_TCP_FLAGS', 'FLOW_DURATION_MILLISECONDS', 'DURATION_IN', 'DURATION_OUT', 'MIN_TTL', 'MAX_TTL', 'LONGEST_FLOW_PKT', 'SHORTEST_FLOW_PKT', 'MIN_IP_PKT_LEN', 'MAX_IP_PKT_LEN', 'SRC_TO_DST_SECOND_BYTES', 'DST_TO_SRC_SECOND_BYTES', 'RETRANSMITTED_IN_BYTES', 'RETRANSMITTED_IN_PKTS', 'RETRANSMITTED_OUT_BYTES', 'RETRANSMITTED_OUT_PKTS', 'SRC_TO_DST_AVG_THROUGHPUT', 'DST_TO_SRC_AVG_THROUGHPUT', 'NUM_PKTS_UP_TO_128_BYTES', 'NUM_PKTS_128_TO_256_BYTES', 'NUM_PKTS_256_TO_512_BYTES', 'NUM_PKTS_512_TO_1024_BYTES', 'NUM_PKTS_1024_TO_1514_BYTES', 'TCP_WIN_MAX_IN', 'TCP_WIN_MAX_OUT', 'ICMP_TYPE', 'ICMP_IPV4_TYPE', 'DNS_QUERY_ID', 'DNS_QUERY_TYPE', 'DNS_TTL_ANSWER', 'FTP_COMMAND_RET_CODE', 'SRC_TO_DST_IAT_MIN', 'SRC_TO_DST_IAT_MAX', 'SRC_TO_DST_IAT_AVG', 'SRC_TO_DST_IAT_STDDEV', 'DST_TO_SRC_IAT_MIN', 'DST_TO_SRC_IAT_MAX', 'DST_TO_SRC_IAT_AVG', 'DST_TO_SRC_IAT_STDDEV', 'Label', 'Attack']
Label distribution: {'Benign': 2237731, 'Exploits': 42748, 'Fuzzers': 33816, 'Generic': 19651, 'Reconnaissance': 17074, 'DoS': 5980, 'Backdoor': 4659, 'Shellcode': 2381, 'Analysis': 1226, 'Worms': 158}
Flow time range: 2015-01-22T11:49:36.907000 to 2015-02-18T12:29:24.927000
No OOD dataset configured: NF-UNSW-NB15-v3 is the official source.

================================================================================
COLUMN ANALYSIS
================================================================================

Columns (58):

Identified columns:
  Label columns: ['Label']
  Timestamp columns: ['TimeWindow']
  IP/Host columns: ['Host', 'IPV4_SRC_ADDR', 'IPV4_DST_ADDR']
  Feature columns (numeric): 16 features
    ['L4_SRC_PORT', 'L4_DST_PORT', 'PROTOCOL', 'L7_PROTO', 'IN_BYTES', 'IN_PKTS', 'OUT_BYTES', 'OUT_PKTS', 'TCP_FLAGS', 'FLOW_DURATION_MILLISECONDS', 'DURATION_IN', 'DURATION_OUT', 'MIN_TTL', 'MAX_TTL', 'LONGEST_FLOW_PKT', 'SHORTEST_FLOW_PKT']

Class distribution (Label):
  Benign                          2237731 ( 94.60%)
  Exploits                          42748 (  1.81%)
  Fuzzers                           33816 (  1.43%)
  Generic                           19651 (  0.83%)
  Reconnaissance                    17074 (  0.72%)
  DoS                                5980 (  0.25%)
  Backdoor                           4659 (  0.20%)
  Shellcode                          2381 (  0.10%)
  Analysis                           1226 (  0.05%)
  Worms                               158 (  0.01%)

================================================================================
CREATING CHRONOLOGICAL 80/20 SPLIT
================================================================================

Total samples: 2,365,424
Train samples: 1,892,339 (80.0%)
Test samples:  473,085 (20.0%)

Split verification:
  Train index range: 0 to 1892338
  Test index range:  1892339 to 2365423
  No overlap: True

================================================================================
PREPROCESSING FEATURES
================================================================================

Features to preprocess: 16

Replacing infinity values with NaN:
  train: None
  test: None

Missing values (train):
  None
Missing values (test):
  None

Normalizing features (fit on TRAINING data only):
  Scaler fit on 1892339 training samples
  Applied to 473085 test samples

================================================================================
ENCODING LABELS
================================================================================

Label encoder fit on 10 classes from training data:
  0: Analysis
  1: Backdoor
  2: Benign
  3: DoS
  4: Exploits
  5: Fuzzers
  6: Generic
  7: Reconnaissance
  8: Shellcode
  9: Worms

Class distribution after encoding:
  Train: 10 classes
  Test: 10 classes

================================================================================
CREATING TEMPORAL WINDOWS
================================================================================

Sequence length: 5
  Grouping by Host: 40 hosts
  Windows created: 1892143
  Input shape: (1892143, 5, 16)
  Target shape: (1892143,)

Sequence length: 10
  Grouping by Host: 40 hosts
  Windows created: 1891948
  Input shape: (1891948, 10, 16)
  Target shape: (1891948,)

Sequence length: 15
  Grouping by Host: 40 hosts
  Windows created: 1891753
  Input shape: (1891753, 15, 16)
  Target shape: (1891753,)

================================================================================
CREATING TEMPORAL WINDOWS
================================================================================

Sequence length: 5
  Grouping by Host: 38 hosts
  Windows created: 472900
  Input shape: (472900, 5, 16)
  Target shape: (472900,)

Sequence length: 10
  Grouping by Host: 38 hosts
  Windows created: 472750
  Input shape: (472750, 10, 16)
  Target shape: (472750,)

Sequence length: 15
  Grouping by Host: 38 hosts
  Windows created: 472619
  Input shape: (472619, 15, 16)
  Target shape: (472619,)

================================================================================
LEAKAGE VERIFICATION
================================================================================
Index overlap: False
Train feature mean: 0.0000
Test feature mean: 0.0177
Label class overlap: 10 classes
[OK] No index overlap detected

================================================================================
SAVING ARTIFACTS
================================================================================
[OK] train_df.pkl
[OK] test_df.pkl
[OK] train_windows.pkl
[OK] test_windows.pkl
[OK] scaler.pkl
[OK] encoder.pkl
[OK] label_map.pkl
[OK] train_seq5_windows.npz
[OK] train_seq10_windows.npz
[OK] train_seq15_windows.npz
[OK] test_seq5_windows.npz
[OK] test_seq10_windows.npz
[OK] test_seq15_windows.npz
[OK] metadata.json
[OK] metadata.pkl