

================================================================================
CROSSTHREAT MODEL TRAINING - PHASE 2
================================================================================
Start time: 2026-09-01 20:56:21.435849
Device: cpu


################################################################################
SEQUENCE LENGTH: 5
################################################################################

================================================================================
LOADING DATA (seq_len=5)
================================================================================
Train: X=(15925, 5, 12), y=(15925,)
Test: X=(3925, 5, 12), y=(3925,)
OOD: X=(2925, 5, 12), y=(2925,)
Classes: ['Benign', 'Bot', 'Brute Force -Web', 'Brute Force -XSS', 'DDoS-HOIC', 'DDoS-LOIC-HTTP', 'DoS-Hulk', 'DoS-Slowloris', 'Heartbleed', 'Infiltration', 'SQL Injection']

================================================================================
TRAINING: Random Forest (BASELINE)
================================================================================
Training time: 0.78s
Avg inference latency: 0.3240ms per sample
Parameter count (nodes): 116,776
RF - Acc: 0.9162, F1: 0.3188, Attack Recall: 0.0000

================================================================================
TRAINING: LSTM
================================================================================
Epoch 10/50 - Loss: 0.5588, Acc: 0.9162, F1: 0.3188
Early stopping at epoch 11
Training time: 23.32s
Avg inference latency: 0.0194ms per sample
Parameter count: 222,731
LSTM - Acc: 0.9162, F1: 0.3188, Attack Recall: 0.0000

================================================================================
TRAINING: Transformer
================================================================================
Epoch 10/50 - Loss: 0.5644, Acc: 0.9162, F1: 0.3188
Early stopping at epoch 11
Training time: 37.17s
Avg inference latency: 0.0219ms per sample
Parameter count: 110,539
Transformer - Acc: 0.9162, F1: 0.3188, Attack Recall: 0.0000

================================================================================
TRAINING: 1D CNN
================================================================================
[ERROR] CNN: mat1 and mat2 shapes cannot be multiplied (32x128 and 256x128)


################################################################################
SEQUENCE LENGTH: 10
################################################################################

================================================================================
LOADING DATA (seq_len=10)
================================================================================
Train: X=(15850, 10, 12), y=(15850,)
Test: X=(3850, 10, 12), y=(3850,)
OOD: X=(2850, 10, 12), y=(2850,)
Classes: ['Benign', 'Bot', 'Brute Force -Web', 'Brute Force -XSS', 'DDoS-HOIC', 'DDoS-LOIC-HTTP', 'DoS-Hulk', 'DoS-Slowloris', 'Heartbleed', 'Infiltration', 'SQL Injection']

================================================================================
TRAINING: Random Forest (BASELINE)
================================================================================
Training time: 1.07s
Avg inference latency: 0.2934ms per sample
Parameter count (nodes): 92,410
RF - Acc: 0.9145, F1: 0.3185, Attack Recall: 0.0000

================================================================================
TRAINING: LSTM
================================================================================
Epoch 10/50 - Loss: 0.5345, Acc: 0.9145, F1: 0.3185
Early stopping at epoch 11
Training time: 30.82s
Avg inference latency: 0.0254ms per sample
Parameter count: 222,731
LSTM - Acc: 0.9145, F1: 0.3185, Attack Recall: 0.0000

================================================================================
TRAINING: Transformer
================================================================================
Epoch 10/50 - Loss: 0.5368, Acc: 0.9145, F1: 0.3185
Early stopping at epoch 11
Training time: 50.32s
Avg inference latency: 0.0224ms per sample
Parameter count: 110,539
Transformer - Acc: 0.9145, F1: 0.3185, Attack Recall: 0.0000

================================================================================
TRAINING: 1D CNN
================================================================================
Epoch 10/50 - Loss: 0.4651, Acc: 0.9145, F1: 0.3185
Early stopping at epoch 11
Training time: 15.65s
Avg inference latency: 0.0130ms per sample
Parameter count: 61,387
CNN - Acc: 0.9145, F1: 0.3185, Attack Recall: 0.0000


################################################################################
SEQUENCE LENGTH: 15
################################################################################

================================================================================
LOADING DATA (seq_len=15)
================================================================================
Train: X=(15775, 15, 12), y=(15775,)
Test: X=(3775, 15, 12), y=(3775,)
OOD: X=(2775, 15, 12), y=(2775,)
Classes: ['Benign', 'Bot', 'Brute Force -Web', 'Brute Force -XSS', 'DDoS-HOIC', 'DDoS-LOIC-HTTP', 'DoS-Hulk', 'DoS-Slowloris', 'Heartbleed', 'Infiltration', 'SQL Injection']

================================================================================
TRAINING: Random Forest (BASELINE)
================================================================================
Training time: 1.31s
Avg inference latency: 0.2863ms per sample
Parameter count (nodes): 82,306
RF - Acc: 0.9128, F1: 0.3181, Attack Recall: 0.0000

================================================================================
TRAINING: LSTM
================================================================================
Epoch 10/50 - Loss: 0.5220, Acc: 0.9128, F1: 0.3181
Early stopping at epoch 11
Training time: 38.69s
Avg inference latency: 0.0361ms per sample
Parameter count: 222,731
LSTM - Acc: 0.9128, F1: 0.3181, Attack Recall: 0.0000

================================================================================
TRAINING: Transformer
================================================================================
Epoch 10/50 - Loss: 0.5238, Acc: 0.9128, F1: 0.3181
Early stopping at epoch 11
Training time: 63.13s
Avg inference latency: 0.0296ms per sample
Parameter count: 110,539
Transformer - Acc: 0.9128, F1: 0.3181, Attack Recall: 0.0000

================================================================================
TRAINING: 1D CNN
================================================================================
[ERROR] CNN: mat1 and mat2 shapes cannot be multiplied (32x384 and 256x128)


================================================================================
SAVING RESULTS
================================================================================
[OK] C:\CyberShield\crossthreat\data\processed\model_training_results.json

End time: 2026-09-01 21:00:47.256461

================================================================================
TRAINING COMPLETE
================================================================================
